2025-12-13 14:59:59,039 [INFO] Admin admin@admin.com started geodata import
2025-12-13 15:08:06,425 [INFO] Geodata import completed
2025-12-13 15:23:06,692 [INFO] Admin admin@admin.com started import_state_stat()
2025-12-13 15:23:07,132 [INFO] Admin admin@admin.com finished import_state_stat()
2025-12-13 15:38:12,435 [INFO] Admin admin@admin.com started import_state_stat()
2025-12-13 15:42:18,736 [INFO] Admin admin@admin.com started import_state_stat()
2025-12-13 15:44:44,311 [INFO] Admin admin@admin.com started import_state_stat()
2025-12-13 15:51:00,510 [INFO] Admin admin@admin.com started import_state_stat()
2025-12-13 15:53:06,086 [INFO] Admin admin@admin.com started import_state_stat()
2025-12-13 15:53:06,291 [INFO] Admin admin@admin.com finished import_state_stat()
2025-12-13 15:53:36,847 [INFO] Admin admin@admin.com started import_kurse()
2025-12-13 15:57:48,528 [INFO] Admin admin@admin.com started import_arbeit()
2025-12-13 15:57:57,142 [INFO] Admin admin@admin.com started import_migranten()
2025-12-13 15:58:00,054 [INFO] Admin admin@admin.com started geodata import
2025-12-13 16:07:41,727 [INFO] Geodata import completed
2025-12-13 16:11:29,626 [INFO] Admin admin@admin.com started import_kurse()
2025-12-13 16:11:39,080 [INFO] Admin admin@admin.com started import_kurse()
2025-12-13 16:58:18,874 [INFO] Admin admin@admin.com started import_kurse()
2025-12-13 16:58:18,966 [INFO] Admin admin@admin.com finished import_kurse()
2025-12-13 16:58:44,759 [INFO] Admin admin@admin.com started import_migranten()
2025-12-13 16:58:47,715 [INFO] Admin admin@admin.com started import_arbeit()
2025-12-13 16:59:56,196 [INFO] Admin admin@admin.com started import_arbeit()
2025-12-13 17:04:34,644 [INFO] Admin admin@admin.com started import_arbeit()
2025-12-13 17:07:45,563 [INFO] Admin admin@admin.com started import_arbeit()
2025-12-13 17:09:24,691 [INFO] Admin admin@admin.com started import_arbeit()
2025-12-13 17:09:24,897 [INFO] Admin admin@admin.com finished import_arbeit()
2025-12-13 17:14:47,744 [INFO] Admin admin@admin.com started import_arbeit()
2025-12-13 17:19:08,687 [INFO] Admin admin@admin.com started import_arbeit()
2025-12-13 17:19:08,893 [INFO] Admin admin@admin.com finished import_arbeit()
2025-12-13 17:23:28,248 [INFO] Admin admin@admin.com started import_migranten()
2025-12-13 17:25:54,275 [INFO] Admin admin@admin.com started import_migranten()
2025-12-13 17:25:54,411 [INFO] Admin admin@admin.com finished import_migranten()
2025-12-13 17:26:00,230 [INFO] Admin admin@admin.com started import_migranten()
2025-12-13 17:26:00,300 [INFO] Admin admin@admin.com finished import_migranten()
2025-12-13 17:27:15,290 [INFO] Admin admin@admin.com started import_arbeit()
2025-12-13 17:27:15,501 [INFO] Admin admin@admin.com finished import_arbeit()
2025-12-13 17:30:13,030 [INFO] Admin admin@admin.com started import_arbeit()
2025-12-13 17:30:13,297 [INFO] Admin admin@admin.com finished import_arbeit()
2025-12-13 17:34:47,779 [INFO] Admin admin@admin.com started import_arbeit()
2025-12-13 17:34:48,027 [INFO] Admin admin@admin.com finished import_arbeit()
2025-12-13 17:35:38,120 [INFO] Admin admin@admin.com started import_arbeit()
2025-12-13 17:35:38,182 [INFO] Admin admin@admin.com finished import_arbeit()
2025-12-13 17:40:49,013 [INFO] Admin admin@admin.com started salary import
2025-12-13 17:43:05,506 [INFO] Salary import completed
2025-12-17 14:31:46,269 [INFO] Admin admin@example.com started salary import
2025-12-17 14:33:58,740 [INFO] Salary import completed
2025-12-18 18:08:20,178 [INFO] Admin admin@admin.com started import_state_stat()
2025-12-18 18:08:20,635 [INFO] Admin admin@admin.com finished import_state_stat()
